BL51 BANKED LINKER/LOCATER V6.22.4.0                                                    12/23/2022  04:22:21  PAGE 1


BL51 BANKED LINKER/LOCATER V6.22.4.0, INVOKED BY:
C:\KEIL_V5\C51\BIN\BL51.EXE .\Objects\plinkled.obj TO .\Objects\plinkedled PRINT (.\Listings\plinkedled.m51) RAMSIZE (25
>> 6)


MEMORY MODEL: SMALL


INPUT MODULES INCLUDED:
  .\Objects\plinkled.obj (PLINKLED)
  C:\KEIL_V5\C51\LIB\C51S.LIB (?C_STARTUP)


LINK MAP OF MODULE:  .\Objects\plinkedled (PLINKLED)


            TYPE    BASE      LENGTH    RELOCATION   SEGMENT NAME
            -----------------------------------------------------

            * * * * * * *   D A T A   M E M O R Y   * * * * * * *
            REG     0000H     0008H     ABSOLUTE     "REG BANK 0"
            DATA    0008H     0002H     UNIT         _DATA_GROUP_
            IDATA   000AH     0001H     UNIT         ?STACK

            * * * * * * *   C O D E   M E M O R Y   * * * * * * *
            CODE    0000H     0003H     ABSOLUTE     
                    0003H     07FDH                  *** GAP ***
            CODE    0800H     0025H     UNIT         ?PR?_DELAY?PLINKLED
            CODE    0825H     0016H     UNIT         ?PR?MAIN?PLINKLED
            CODE    083BH     000CH     UNIT         ?C_C51STARTUP



OVERLAY MAP OF MODULE:   .\Objects\plinkedled (PLINKLED)


SEGMENT                          DATA_GROUP 
  +--> CALLED SEGMENT          START    LENGTH
----------------------------------------------
?C_C51STARTUP                  -----    -----
  +--> ?PR?MAIN?PLINKLED

?PR?MAIN?PLINKLED              -----    -----
  +--> ?PR?_DELAY?PLINKLED

?PR?_DELAY?PLINKLED            0008H    0002H



SYMBOL TABLE OF MODULE:  .\Objects\plinkedled (PLINKLED)

  VALUE           TYPE          NAME
  ----------------------------------

  -------         MODULE        PLINKLED
  C:0000H         SYMBOL        _ICE_DUMMY_
  D:0090H         PUBLIC        P1
  C:0800H         PUBLIC        _delay
BL51 BANKED LINKER/LOCATER V6.22.4.0                                                  12/23/2022  04:22:21  PAGE 2


  C:0825H         PUBLIC        main
  -------         PROC          _DELAY
  D:0006H         SYMBOL        y
  -------         DO            
  D:0008H         SYMBOL        i
  D:0004H         SYMBOL        j
  -------         ENDDO         
  C:0800H         LINE#         2
  C:0800H         LINE#         3
  C:0800H         LINE#         5
  C:0809H         LINE#         6
  C:0809H         LINE#         7
  C:080CH         LINE#         8
  C:080CH         LINE#         9
  C:0817H         LINE#         10
  C:0821H         LINE#         11
  C:0824H         LINE#         12
  -------         ENDPROC       _DELAY
  -------         PROC          MAIN
  C:0825H         LINE#         14
  C:0825H         LINE#         15
  C:0825H         LINE#         16
  C:0825H         LINE#         17
  C:0825H         LINE#         18
  C:082CH         LINE#         19
  C:082FH         LINE#         20
  C:0836H         LINE#         21
  C:0839H         LINE#         22
  -------         ENDPROC       MAIN
  -------         ENDMOD        PLINKLED

******************************************************************************
* RESTRICTED VERSION WITH 0800H BYTE CODE SIZE LIMIT; USED: 003BH BYTE ( 2%) *
******************************************************************************

Program Size: data=11.0 xdata=0 code=74
LINK/LOCATE RUN COMPLETE.  0 WARNING(S),  0 ERROR(S)
